2026-07-16 21:44:28.885 Please replace `use_container_width` with `width`.

`use_container_width` will be removed after 2025-12-31.

For `use_container_width=True`, use `width='stretch'`. For `use_container_width=False`, use `width='content'`.
2026-07-16 21:44:30.090 Serialization of dataframe to Arrow table was unsuccessful. Applying automatic fixes for column types to make the dataframe Arrow-compatible.
Traceback (most recent call last):
  File "C:\Users\khyun\Projects\Unigate\.venv\Lib\site-packages\streamlit\dataframe_util.py", line 821, in convert_pandas_df_to_arrow_bytes
    table = pa.Table.from_pandas(df)
            ^^^^^^^^^^^^^^^^^^^^^^^^
  File "pyarrow/table.pxi", line 4769, in pyarrow.lib.Table.from_pandas
  File "C:\Users\khyun\Projects\Unigate\.venv\Lib\site-packages\pyarrow\pandas_compat.py", line 656, in dataframe_to_arrays
    arrays = [convert_column(c, f)
             ^^^^^^^^^^^^^^^^^^^^^
  File "C:\Users\khyun\Projects\Unigate\.venv\Lib\site-packages\pyarrow\pandas_compat.py", line 656, in <listcomp>
    arrays = [convert_column(c, f)
              ^^^^^^^^^^^^^^^^^^^^
  File "C:\Users\khyun\Projects\Unigate\.venv\Lib\site-packages\pyarrow\pandas_compat.py", line 644, in convert_column
    raise e
  File "C:\Users\khyun\Projects\Unigate\.venv\Lib\site-packages\pyarrow\pandas_compat.py", line 638, in convert_column
    result = pa.array(col, type=type_, from_pandas=True, safe=safe)
             ^^^^^^^^^^^^^^^^^^^^^^^^^^^^^^^^^^^^^^^^^^^^^^^^^^^^^^
  File "pyarrow/array.pxi", line 408, in pyarrow.lib.array
  File "pyarrow/array.pxi", line 91, in pyarrow.lib._ndarray_to_array
  File "pyarrow/error.pxi", line 92, in pyarrow.lib.check_status
pyarrow.lib.ArrowTypeError: ("Expected bytes, got a 'float' object", 'Conversion failed for column 자연스러움 with type object')
2026-07-16 21:44:56.507 Please replace `use_container_width` with `width`.

`use_container_width` will be removed after 2025-12-31.

For `use_container_width=True`, use `width='stretch'`. For `use_container_width=False`, use `width='content'`.
2026-07-16 21:44:56.524 Serialization of dataframe to Arrow table was unsuccessful. Applying automatic fixes for column types to make the dataframe Arrow-compatible.
Traceback (most recent call last):
  File "C:\Users\khyun\Projects\Unigate\.venv\Lib\site-packages\streamlit\dataframe_util.py", line 821, in convert_pandas_df_to_arrow_bytes
    table = pa.Table.from_pandas(df)
            ^^^^^^^^^^^^^^^^^^^^^^^^
  File "pyarrow/table.pxi", line 4769, in pyarrow.lib.Table.from_pandas
  File "C:\Users\khyun\Projects\Unigate\.venv\Lib\site-packages\pyarrow\pandas_compat.py", line 656, in dataframe_to_arrays
    arrays = [convert_column(c, f)
             ^^^^^^^^^^^^^^^^^^^^^
  File "C:\Users\khyun\Projects\Unigate\.venv\Lib\site-packages\pyarrow\pandas_compat.py", line 656, in <listcomp>
    arrays = [convert_column(c, f)
              ^^^^^^^^^^^^^^^^^^^^
  File "C:\Users\khyun\Projects\Unigate\.venv\Lib\site-packages\pyarrow\pandas_compat.py", line 644, in convert_column
    raise e
  File "C:\Users\khyun\Projects\Unigate\.venv\Lib\site-packages\pyarrow\pandas_compat.py", line 638, in convert_column
    result = pa.array(col, type=type_, from_pandas=True, safe=safe)
             ^^^^^^^^^^^^^^^^^^^^^^^^^^^^^^^^^^^^^^^^^^^^^^^^^^^^^^
  File "pyarrow/array.pxi", line 408, in pyarrow.lib.array
  File "pyarrow/array.pxi", line 91, in pyarrow.lib._ndarray_to_array
  File "pyarrow/error.pxi", line 92, in pyarrow.lib.check_status
pyarrow.lib.ArrowInvalid: ("Could not convert '-' with type str: tried to convert to double", 'Conversion failed for column 자연스러움 with type object')
2026-07-16 21:45:10.668 Please replace `use_container_width` with `width`.

`use_container_width` will be removed after 2025-12-31.

For `use_container_width=True`, use `width='stretch'`. For `use_container_width=False`, use `width='content'`.
2026-07-16 21:45:10.678 Serialization of dataframe to Arrow table was unsuccessful. Applying automatic fixes for column types to make the dataframe Arrow-compatible.
Traceback (most recent call last):
  File "C:\Users\khyun\Projects\Unigate\.venv\Lib\site-packages\streamlit\dataframe_util.py", line 821, in convert_pandas_df_to_arrow_bytes
    table = pa.Table.from_pandas(df)
            ^^^^^^^^^^^^^^^^^^^^^^^^
  File "pyarrow/table.pxi", line 4769, in pyarrow.lib.Table.from_pandas
  File "C:\Users\khyun\Projects\Unigate\.venv\Lib\site-packages\pyarrow\pandas_compat.py", line 656, in dataframe_to_arrays
    arrays = [convert_column(c, f)
             ^^^^^^^^^^^^^^^^^^^^^
  File "C:\Users\khyun\Projects\Unigate\.venv\Lib\site-packages\pyarrow\pandas_compat.py", line 656, in <listcomp>
    arrays = [convert_column(c, f)
              ^^^^^^^^^^^^^^^^^^^^
  File "C:\Users\khyun\Projects\Unigate\.venv\Lib\site-packages\pyarrow\pandas_compat.py", line 644, in convert_column
    raise e
  File "C:\Users\khyun\Projects\Unigate\.venv\Lib\site-packages\pyarrow\pandas_compat.py", line 638, in convert_column
    result = pa.array(col, type=type_, from_pandas=True, safe=safe)
             ^^^^^^^^^^^^^^^^^^^^^^^^^^^^^^^^^^^^^^^^^^^^^^^^^^^^^^
  File "pyarrow/array.pxi", line 408, in pyarrow.lib.array
  File "pyarrow/array.pxi", line 91, in pyarrow.lib._ndarray_to_array
  File "pyarrow/error.pxi", line 92, in pyarrow.lib.check_status
pyarrow.lib.ArrowInvalid: ("Could not convert '-' with type str: tried to convert to double", 'Conversion failed for column 자연스러움 with type object')
2026-07-16 21:45:53.887 Please replace `use_container_width` with `width`.

`use_container_width` will be removed after 2025-12-31.

For `use_container_width=True`, use `width='stretch'`. For `use_container_width=False`, use `width='content'`.
2026-07-16 21:45:53.895 Serialization of dataframe to Arrow table was unsuccessful. Applying automatic fixes for column types to make the dataframe Arrow-compatible.
Traceback (most recent call last):
  File "C:\Users\khyun\Projects\Unigate\.venv\Lib\site-packages\streamlit\dataframe_util.py", line 821, in convert_pandas_df_to_arrow_bytes
    table = pa.Table.from_pandas(df)
            ^^^^^^^^^^^^^^^^^^^^^^^^
  File "pyarrow/table.pxi", line 4769, in pyarrow.lib.Table.from_pandas
  File "C:\Users\khyun\Projects\Unigate\.venv\Lib\site-packages\pyarrow\pandas_compat.py", line 656, in dataframe_to_arrays
    arrays = [convert_column(c, f)
             ^^^^^^^^^^^^^^^^^^^^^
  File "C:\Users\khyun\Projects\Unigate\.venv\Lib\site-packages\pyarrow\pandas_compat.py", line 656, in <listcomp>
    arrays = [convert_column(c, f)
              ^^^^^^^^^^^^^^^^^^^^
  File "C:\Users\khyun\Projects\Unigate\.venv\Lib\site-packages\pyarrow\pandas_compat.py", line 644, in convert_column
    raise e
  File "C:\Users\khyun\Projects\Unigate\.venv\Lib\site-packages\pyarrow\pandas_compat.py", line 638, in convert_column
    result = pa.array(col, type=type_, from_pandas=True, safe=safe)
             ^^^^^^^^^^^^^^^^^^^^^^^^^^^^^^^^^^^^^^^^^^^^^^^^^^^^^^
  File "pyarrow/array.pxi", line 408, in pyarrow.lib.array
  File "pyarrow/array.pxi", line 91, in pyarrow.lib._ndarray_to_array
  File "pyarrow/error.pxi", line 92, in pyarrow.lib.check_status
pyarrow.lib.ArrowInvalid: ("Could not convert '-' with type str: tried to convert to double", 'Conversion failed for column 자연스러움 with type object')
2026-07-16 21:46:11.141 Please replace `use_container_width` with `width`.

`use_container_width` will be removed after 2025-12-31.

For `use_container_width=True`, use `width='stretch'`. For `use_container_width=False`, use `width='content'`.
2026-07-16 21:46:11.146 Serialization of dataframe to Arrow table was unsuccessful. Applying automatic fixes for column types to make the dataframe Arrow-compatible.
Traceback (most recent call last):
  File "C:\Users\khyun\Projects\Unigate\.venv\Lib\site-packages\streamlit\dataframe_util.py", line 821, in convert_pandas_df_to_arrow_bytes
    table = pa.Table.from_pandas(df)
            ^^^^^^^^^^^^^^^^^^^^^^^^
  File "pyarrow/table.pxi", line 4769, in pyarrow.lib.Table.from_pandas
  File "C:\Users\khyun\Projects\Unigate\.venv\Lib\site-packages\pyarrow\pandas_compat.py", line 656, in dataframe_to_arrays
    arrays = [convert_column(c, f)
             ^^^^^^^^^^^^^^^^^^^^^
  File "C:\Users\khyun\Projects\Unigate\.venv\Lib\site-packages\pyarrow\pandas_compat.py", line 656, in <listcomp>
    arrays = [convert_column(c, f)
              ^^^^^^^^^^^^^^^^^^^^
  File "C:\Users\khyun\Projects\Unigate\.venv\Lib\site-packages\pyarrow\pandas_compat.py", line 644, in convert_column
    raise e
  File "C:\Users\khyun\Projects\Unigate\.venv\Lib\site-packages\pyarrow\pandas_compat.py", line 638, in convert_column
    result = pa.array(col, type=type_, from_pandas=True, safe=safe)
             ^^^^^^^^^^^^^^^^^^^^^^^^^^^^^^^^^^^^^^^^^^^^^^^^^^^^^^
  File "pyarrow/array.pxi", line 408, in pyarrow.lib.array
  File "pyarrow/array.pxi", line 91, in pyarrow.lib._ndarray_to_array
  File "pyarrow/error.pxi", line 92, in pyarrow.lib.check_status
pyarrow.lib.ArrowInvalid: ("Could not convert '-' with type str: tried to convert to double", 'Conversion failed for column 자연스러움 with type object')
2026-07-16 21:46:32.760 Please replace `use_container_width` with `width`.

`use_container_width` will be removed after 2025-12-31.

For `use_container_width=True`, use `width='stretch'`. For `use_container_width=False`, use `width='content'`.
2026-07-16 21:47:19.538 Please replace `use_container_width` with `width`.

`use_container_width` will be removed after 2025-12-31.

For `use_container_width=True`, use `width='stretch'`. For `use_container_width=False`, use `width='content'`.
2026-07-16 21:47:29.184 Please replace `use_container_width` with `width`.

`use_container_width` will be removed after 2025-12-31.

For `use_container_width=True`, use `width='stretch'`. For `use_container_width=False`, use `width='content'`.
2026-07-16 21:47:39.190 Please replace `use_container_width` with `width`.

`use_container_width` will be removed after 2025-12-31.

For `use_container_width=True`, use `width='stretch'`. For `use_container_width=False`, use `width='content'`.
2026-07-16 21:47:50.842 Please replace `use_container_width` with `width`.

`use_container_width` will be removed after 2025-12-31.

For `use_container_width=True`, use `width='stretch'`. For `use_container_width=False`, use `width='content'`.
2026-07-16 21:48:04.284 Please replace `use_container_width` with `width`.

`use_container_width` will be removed after 2025-12-31.

For `use_container_width=True`, use `width='stretch'`. For `use_container_width=False`, use `width='content'`.
2026-07-16 21:48:16.991 Please replace `use_container_width` with `width`.

`use_container_width` will be removed after 2025-12-31.

For `use_container_width=True`, use `width='stretch'`. For `use_container_width=False`, use `width='content'`.
2026-07-16 21:50:30.116 Please replace `use_container_width` with `width`.

`use_container_width` will be removed after 2025-12-31.

For `use_container_width=True`, use `width='stretch'`. For `use_container_width=False`, use `width='content'`.
2026-07-16 21:50:35.447 Please replace `use_container_width` with `width`.

`use_container_width` will be removed after 2025-12-31.

For `use_container_width=True`, use `width='stretch'`. For `use_container_width=False`, use `width='content'`.
2026-07-16 21:50:40.014 Please replace `use_container_width` with `width`.

`use_container_width` will be removed after 2025-12-31.

For `use_container_width=True`, use `width='stretch'`. For `use_container_width=False`, use `width='content'`.
2026-07-16 21:50:44.499 Please replace `use_container_width` with `width`.

`use_container_width` will be removed after 2025-12-31.

For `use_container_width=True`, use `width='stretch'`. For `use_container_width=False`, use `width='content'`.
2026-07-16 21:50:55.439 Please replace `use_container_width` with `width`.

`use_container_width` will be removed after 2025-12-31.

For `use_container_width=True`, use `width='stretch'`. For `use_container_width=False`, use `width='content'`.
2026-07-16 21:55:29.336 Please replace `use_container_width` with `width`.

`use_container_width` will be removed after 2025-12-31.

For `use_container_width=True`, use `width='stretch'`. For `use_container_width=False`, use `width='content'`.
2026-07-16 21:55:29.344 Serialization of dataframe to Arrow table was unsuccessful. Applying automatic fixes for column types to make the dataframe Arrow-compatible.
Traceback (most recent call last):
  File "C:\Users\khyun\Projects\Unigate\.venv\Lib\site-packages\streamlit\dataframe_util.py", line 821, in convert_pandas_df_to_arrow_bytes
    table = pa.Table.from_pandas(df)
            ^^^^^^^^^^^^^^^^^^^^^^^^
  File "pyarrow/table.pxi", line 4769, in pyarrow.lib.Table.from_pandas
  File "C:\Users\khyun\Projects\Unigate\.venv\Lib\site-packages\pyarrow\pandas_compat.py", line 656, in dataframe_to_arrays
    arrays = [convert_column(c, f)
             ^^^^^^^^^^^^^^^^^^^^^
  File "C:\Users\khyun\Projects\Unigate\.venv\Lib\site-packages\pyarrow\pandas_compat.py", line 656, in <listcomp>
    arrays = [convert_column(c, f)
              ^^^^^^^^^^^^^^^^^^^^
  File "C:\Users\khyun\Projects\Unigate\.venv\Lib\site-packages\pyarrow\pandas_compat.py", line 644, in convert_column
    raise e
  File "C:\Users\khyun\Projects\Unigate\.venv\Lib\site-packages\pyarrow\pandas_compat.py", line 638, in convert_column
    result = pa.array(col, type=type_, from_pandas=True, safe=safe)
             ^^^^^^^^^^^^^^^^^^^^^^^^^^^^^^^^^^^^^^^^^^^^^^^^^^^^^^
  File "pyarrow/array.pxi", line 408, in pyarrow.lib.array
  File "pyarrow/array.pxi", line 91, in pyarrow.lib._ndarray_to_array
  File "pyarrow/error.pxi", line 92, in pyarrow.lib.check_status
pyarrow.lib.ArrowTypeError: ("Expected bytes, got a 'float' object", 'Conversion failed for column 자연스러움 with type object')
2026-07-16 21:55:42.384 Please replace `use_container_width` with `width`.

`use_container_width` will be removed after 2025-12-31.

For `use_container_width=True`, use `width='stretch'`. For `use_container_width=False`, use `width='content'`.
2026-07-16 21:55:42.398 Serialization of dataframe to Arrow table was unsuccessful. Applying automatic fixes for column types to make the dataframe Arrow-compatible.
Traceback (most recent call last):
  File "C:\Users\khyun\Projects\Unigate\.venv\Lib\site-packages\streamlit\dataframe_util.py", line 821, in convert_pandas_df_to_arrow_bytes
    table = pa.Table.from_pandas(df)
            ^^^^^^^^^^^^^^^^^^^^^^^^
  File "pyarrow/table.pxi", line 4769, in pyarrow.lib.Table.from_pandas
  File "C:\Users\khyun\Projects\Unigate\.venv\Lib\site-packages\pyarrow\pandas_compat.py", line 656, in dataframe_to_arrays
    arrays = [convert_column(c, f)
             ^^^^^^^^^^^^^^^^^^^^^
  File "C:\Users\khyun\Projects\Unigate\.venv\Lib\site-packages\pyarrow\pandas_compat.py", line 656, in <listcomp>
    arrays = [convert_column(c, f)
              ^^^^^^^^^^^^^^^^^^^^
  File "C:\Users\khyun\Projects\Unigate\.venv\Lib\site-packages\pyarrow\pandas_compat.py", line 644, in convert_column
    raise e
  File "C:\Users\khyun\Projects\Unigate\.venv\Lib\site-packages\pyarrow\pandas_compat.py", line 638, in convert_column
    result = pa.array(col, type=type_, from_pandas=True, safe=safe)
             ^^^^^^^^^^^^^^^^^^^^^^^^^^^^^^^^^^^^^^^^^^^^^^^^^^^^^^
  File "pyarrow/array.pxi", line 408, in pyarrow.lib.array
  File "pyarrow/array.pxi", line 91, in pyarrow.lib._ndarray_to_array
  File "pyarrow/error.pxi", line 92, in pyarrow.lib.check_status
pyarrow.lib.ArrowInvalid: ("Could not convert '-' with type str: tried to convert to double", 'Conversion failed for column 자연스러움 with type object')
2026-07-16 21:55:56.991 Please replace `use_container_width` with `width`.

`use_container_width` will be removed after 2025-12-31.

For `use_container_width=True`, use `width='stretch'`. For `use_container_width=False`, use `width='content'`.
2026-07-16 21:55:56.997 Serialization of dataframe to Arrow table was unsuccessful. Applying automatic fixes for column types to make the dataframe Arrow-compatible.
Traceback (most recent call last):
  File "C:\Users\khyun\Projects\Unigate\.venv\Lib\site-packages\streamlit\dataframe_util.py", line 821, in convert_pandas_df_to_arrow_bytes
    table = pa.Table.from_pandas(df)
            ^^^^^^^^^^^^^^^^^^^^^^^^
  File "pyarrow/table.pxi", line 4769, in pyarrow.lib.Table.from_pandas
  File "C:\Users\khyun\Projects\Unigate\.venv\Lib\site-packages\pyarrow\pandas_compat.py", line 656, in dataframe_to_arrays
    arrays = [convert_column(c, f)
             ^^^^^^^^^^^^^^^^^^^^^
  File "C:\Users\khyun\Projects\Unigate\.venv\Lib\site-packages\pyarrow\pandas_compat.py", line 656, in <listcomp>
    arrays = [convert_column(c, f)
              ^^^^^^^^^^^^^^^^^^^^
  File "C:\Users\khyun\Projects\Unigate\.venv\Lib\site-packages\pyarrow\pandas_compat.py", line 644, in convert_column
    raise e
  File "C:\Users\khyun\Projects\Unigate\.venv\Lib\site-packages\pyarrow\pandas_compat.py", line 638, in convert_column
    result = pa.array(col, type=type_, from_pandas=True, safe=safe)
             ^^^^^^^^^^^^^^^^^^^^^^^^^^^^^^^^^^^^^^^^^^^^^^^^^^^^^^
  File "pyarrow/array.pxi", line 408, in pyarrow.lib.array
  File "pyarrow/array.pxi", line 91, in pyarrow.lib._ndarray_to_array
  File "pyarrow/error.pxi", line 92, in pyarrow.lib.check_status
pyarrow.lib.ArrowInvalid: ("Could not convert '-' with type str: tried to convert to double", 'Conversion failed for column 자연스러움 with type object')
2026-07-16 21:56:41.534 Please replace `use_container_width` with `width`.

`use_container_width` will be removed after 2025-12-31.

For `use_container_width=True`, use `width='stretch'`. For `use_container_width=False`, use `width='content'`.
2026-07-16 21:56:41.537 Serialization of dataframe to Arrow table was unsuccessful. Applying automatic fixes for column types to make the dataframe Arrow-compatible.
Traceback (most recent call last):
  File "C:\Users\khyun\Projects\Unigate\.venv\Lib\site-packages\streamlit\dataframe_util.py", line 821, in convert_pandas_df_to_arrow_bytes
    table = pa.Table.from_pandas(df)
            ^^^^^^^^^^^^^^^^^^^^^^^^
  File "pyarrow/table.pxi", line 4769, in pyarrow.lib.Table.from_pandas
  File "C:\Users\khyun\Projects\Unigate\.venv\Lib\site-packages\pyarrow\pandas_compat.py", line 656, in dataframe_to_arrays
    arrays = [convert_column(c, f)
             ^^^^^^^^^^^^^^^^^^^^^
  File "C:\Users\khyun\Projects\Unigate\.venv\Lib\site-packages\pyarrow\pandas_compat.py", line 656, in <listcomp>
    arrays = [convert_column(c, f)
              ^^^^^^^^^^^^^^^^^^^^
  File "C:\Users\khyun\Projects\Unigate\.venv\Lib\site-packages\pyarrow\pandas_compat.py", line 644, in convert_column
    raise e
  File "C:\Users\khyun\Projects\Unigate\.venv\Lib\site-packages\pyarrow\pandas_compat.py", line 638, in convert_column
    result = pa.array(col, type=type_, from_pandas=True, safe=safe)
             ^^^^^^^^^^^^^^^^^^^^^^^^^^^^^^^^^^^^^^^^^^^^^^^^^^^^^^
  File "pyarrow/array.pxi", line 408, in pyarrow.lib.array
  File "pyarrow/array.pxi", line 91, in pyarrow.lib._ndarray_to_array
  File "pyarrow/error.pxi", line 92, in pyarrow.lib.check_status
pyarrow.lib.ArrowInvalid: ("Could not convert '-' with type str: tried to convert to double", 'Conversion failed for column 자연스러움 with type object')
2026-07-16 21:56:50.336 Please replace `use_container_width` with `width`.

`use_container_width` will be removed after 2025-12-31.

For `use_container_width=True`, use `width='stretch'`. For `use_container_width=False`, use `width='content'`.
2026-07-16 21:56:50.343 Serialization of dataframe to Arrow table was unsuccessful. Applying automatic fixes for column types to make the dataframe Arrow-compatible.
Traceback (most recent call last):
  File "C:\Users\khyun\Projects\Unigate\.venv\Lib\site-packages\streamlit\dataframe_util.py", line 821, in convert_pandas_df_to_arrow_bytes
    table = pa.Table.from_pandas(df)
            ^^^^^^^^^^^^^^^^^^^^^^^^
  File "pyarrow/table.pxi", line 4769, in pyarrow.lib.Table.from_pandas
  File "C:\Users\khyun\Projects\Unigate\.venv\Lib\site-packages\pyarrow\pandas_compat.py", line 656, in dataframe_to_arrays
    arrays = [convert_column(c, f)
             ^^^^^^^^^^^^^^^^^^^^^
  File "C:\Users\khyun\Projects\Unigate\.venv\Lib\site-packages\pyarrow\pandas_compat.py", line 656, in <listcomp>
    arrays = [convert_column(c, f)
              ^^^^^^^^^^^^^^^^^^^^
  File "C:\Users\khyun\Projects\Unigate\.venv\Lib\site-packages\pyarrow\pandas_compat.py", line 644, in convert_column
    raise e
  File "C:\Users\khyun\Projects\Unigate\.venv\Lib\site-packages\pyarrow\pandas_compat.py", line 638, in convert_column
    result = pa.array(col, type=type_, from_pandas=True, safe=safe)
             ^^^^^^^^^^^^^^^^^^^^^^^^^^^^^^^^^^^^^^^^^^^^^^^^^^^^^^
  File "pyarrow/array.pxi", line 408, in pyarrow.lib.array
  File "pyarrow/array.pxi", line 91, in pyarrow.lib._ndarray_to_array
  File "pyarrow/error.pxi", line 92, in pyarrow.lib.check_status
pyarrow.lib.ArrowInvalid: ("Could not convert '-' with type str: tried to convert to double", 'Conversion failed for column 자연스러움 with type object')
2026-07-16 21:57:13.383 Please replace `use_container_width` with `width`.

`use_container_width` will be removed after 2025-12-31.

For `use_container_width=True`, use `width='stretch'`. For `use_container_width=False`, use `width='content'`.
2026-07-16 21:57:25.874 Please replace `use_container_width` with `width`.

`use_container_width` will be removed after 2025-12-31.

For `use_container_width=True`, use `width='stretch'`. For `use_container_width=False`, use `width='content'`.
2026-07-16 21:57:47.455 Please replace `use_container_width` with `width`.

`use_container_width` will be removed after 2025-12-31.

For `use_container_width=True`, use `width='stretch'`. For `use_container_width=False`, use `width='content'`.
2026-07-16 21:58:11.035 Please replace `use_container_width` with `width`.

`use_container_width` will be removed after 2025-12-31.

For `use_container_width=True`, use `width='stretch'`. For `use_container_width=False`, use `width='content'`.
2026-07-16 22:05:57.890 Please replace `use_container_width` with `width`.

`use_container_width` will be removed after 2025-12-31.

For `use_container_width=True`, use `width='stretch'`. For `use_container_width=False`, use `width='content'`.
2026-07-16 22:06:23.997 Please replace `use_container_width` with `width`.

`use_container_width` will be removed after 2025-12-31.

For `use_container_width=True`, use `width='stretch'`. For `use_container_width=False`, use `width='content'`.
2026-07-16 22:06:28.022 Please replace `use_container_width` with `width`.

`use_container_width` will be removed after 2025-12-31.

For `use_container_width=True`, use `width='stretch'`. For `use_container_width=False`, use `width='content'`.
2026-07-16 22:06:45.259 Please replace `use_container_width` with `width`.

`use_container_width` will be removed after 2025-12-31.

For `use_container_width=True`, use `width='stretch'`. For `use_container_width=False`, use `width='content'`.
2026-07-16 22:08:51.122 Please replace `use_container_width` with `width`.

`use_container_width` will be removed after 2025-12-31.

For `use_container_width=True`, use `width='stretch'`. For `use_container_width=False`, use `width='content'`.
2026-07-16 22:08:51.124 Serialization of dataframe to Arrow table was unsuccessful. Applying automatic fixes for column types to make the dataframe Arrow-compatible.
Traceback (most recent call last):
  File "C:\Users\khyun\Projects\Unigate\.venv\Lib\site-packages\streamlit\dataframe_util.py", line 821, in convert_pandas_df_to_arrow_bytes
    table = pa.Table.from_pandas(df)
            ^^^^^^^^^^^^^^^^^^^^^^^^
  File "pyarrow/table.pxi", line 4769, in pyarrow.lib.Table.from_pandas
  File "C:\Users\khyun\Projects\Unigate\.venv\Lib\site-packages\pyarrow\pandas_compat.py", line 656, in dataframe_to_arrays
    arrays = [convert_column(c, f)
             ^^^^^^^^^^^^^^^^^^^^^
  File "C:\Users\khyun\Projects\Unigate\.venv\Lib\site-packages\pyarrow\pandas_compat.py", line 656, in <listcomp>
    arrays = [convert_column(c, f)
              ^^^^^^^^^^^^^^^^^^^^
  File "C:\Users\khyun\Projects\Unigate\.venv\Lib\site-packages\pyarrow\pandas_compat.py", line 644, in convert_column
    raise e
  File "C:\Users\khyun\Projects\Unigate\.venv\Lib\site-packages\pyarrow\pandas_compat.py", line 638, in convert_column
    result = pa.array(col, type=type_, from_pandas=True, safe=safe)
             ^^^^^^^^^^^^^^^^^^^^^^^^^^^^^^^^^^^^^^^^^^^^^^^^^^^^^^
  File "pyarrow/array.pxi", line 408, in pyarrow.lib.array
  File "pyarrow/array.pxi", line 91, in pyarrow.lib._ndarray_to_array
  File "pyarrow/error.pxi", line 92, in pyarrow.lib.check_status
pyarrow.lib.ArrowTypeError: ("Expected bytes, got a 'float' object", 'Conversion failed for column 자연스러움 with type object')
2026-07-16 22:12:42.799 Please replace `use_container_width` with `width`.

`use_container_width` will be removed after 2025-12-31.

For `use_container_width=True`, use `width='stretch'`. For `use_container_width=False`, use `width='content'`.
2026-07-16 22:12:42.812 Serialization of dataframe to Arrow table was unsuccessful. Applying automatic fixes for column types to make the dataframe Arrow-compatible.
Traceback (most recent call last):
  File "C:\Users\khyun\Projects\Unigate\.venv\Lib\site-packages\streamlit\dataframe_util.py", line 821, in convert_pandas_df_to_arrow_bytes
    table = pa.Table.from_pandas(df)
            ^^^^^^^^^^^^^^^^^^^^^^^^
  File "pyarrow/table.pxi", line 4769, in pyarrow.lib.Table.from_pandas
  File "C:\Users\khyun\Projects\Unigate\.venv\Lib\site-packages\pyarrow\pandas_compat.py", line 656, in dataframe_to_arrays
    arrays = [convert_column(c, f)
             ^^^^^^^^^^^^^^^^^^^^^
  File "C:\Users\khyun\Projects\Unigate\.venv\Lib\site-packages\pyarrow\pandas_compat.py", line 656, in <listcomp>
    arrays = [convert_column(c, f)
              ^^^^^^^^^^^^^^^^^^^^
  File "C:\Users\khyun\Projects\Unigate\.venv\Lib\site-packages\pyarrow\pandas_compat.py", line 644, in convert_column
    raise e
  File "C:\Users\khyun\Projects\Unigate\.venv\Lib\site-packages\pyarrow\pandas_compat.py", line 638, in convert_column
    result = pa.array(col, type=type_, from_pandas=True, safe=safe)
             ^^^^^^^^^^^^^^^^^^^^^^^^^^^^^^^^^^^^^^^^^^^^^^^^^^^^^^
  File "pyarrow/array.pxi", line 408, in pyarrow.lib.array
  File "pyarrow/array.pxi", line 91, in pyarrow.lib._ndarray_to_array
  File "pyarrow/error.pxi", line 92, in pyarrow.lib.check_status
pyarrow.lib.ArrowInvalid: ("Could not convert '-' with type str: tried to convert to double", 'Conversion failed for column 자연스러움 with type object')
2026-07-16 22:12:54.060 Please replace `use_container_width` with `width`.

`use_container_width` will be removed after 2025-12-31.

For `use_container_width=True`, use `width='stretch'`. For `use_container_width=False`, use `width='content'`.
2026-07-16 22:12:54.065 Serialization of dataframe to Arrow table was unsuccessful. Applying automatic fixes for column types to make the dataframe Arrow-compatible.
Traceback (most recent call last):
  File "C:\Users\khyun\Projects\Unigate\.venv\Lib\site-packages\streamlit\dataframe_util.py", line 821, in convert_pandas_df_to_arrow_bytes
    table = pa.Table.from_pandas(df)
            ^^^^^^^^^^^^^^^^^^^^^^^^
  File "pyarrow/table.pxi", line 4769, in pyarrow.lib.Table.from_pandas
  File "C:\Users\khyun\Projects\Unigate\.venv\Lib\site-packages\pyarrow\pandas_compat.py", line 656, in dataframe_to_arrays
    arrays = [convert_column(c, f)
             ^^^^^^^^^^^^^^^^^^^^^
  File "C:\Users\khyun\Projects\Unigate\.venv\Lib\site-packages\pyarrow\pandas_compat.py", line 656, in <listcomp>
    arrays = [convert_column(c, f)
              ^^^^^^^^^^^^^^^^^^^^
  File "C:\Users\khyun\Projects\Unigate\.venv\Lib\site-packages\pyarrow\pandas_compat.py", line 644, in convert_column
    raise e
  File "C:\Users\khyun\Projects\Unigate\.venv\Lib\site-packages\pyarrow\pandas_compat.py", line 638, in convert_column
    result = pa.array(col, type=type_, from_pandas=True, safe=safe)
             ^^^^^^^^^^^^^^^^^^^^^^^^^^^^^^^^^^^^^^^^^^^^^^^^^^^^^^
  File "pyarrow/array.pxi", line 408, in pyarrow.lib.array
  File "pyarrow/array.pxi", line 91, in pyarrow.lib._ndarray_to_array
  File "pyarrow/error.pxi", line 92, in pyarrow.lib.check_status
pyarrow.lib.ArrowInvalid: ("Could not convert '-' with type str: tried to convert to double", 'Conversion failed for column 자연스러움 with type object')
2026-07-16 22:13:04.162 Please replace `use_container_width` with `width`.

`use_container_width` will be removed after 2025-12-31.

For `use_container_width=True`, use `width='stretch'`. For `use_container_width=False`, use `width='content'`.
2026-07-16 22:13:04.166 Serialization of dataframe to Arrow table was unsuccessful. Applying automatic fixes for column types to make the dataframe Arrow-compatible.
Traceback (most recent call last):
  File "C:\Users\khyun\Projects\Unigate\.venv\Lib\site-packages\streamlit\dataframe_util.py", line 821, in convert_pandas_df_to_arrow_bytes
    table = pa.Table.from_pandas(df)
            ^^^^^^^^^^^^^^^^^^^^^^^^
  File "pyarrow/table.pxi", line 4769, in pyarrow.lib.Table.from_pandas
  File "C:\Users\khyun\Projects\Unigate\.venv\Lib\site-packages\pyarrow\pandas_compat.py", line 656, in dataframe_to_arrays
    arrays = [convert_column(c, f)
             ^^^^^^^^^^^^^^^^^^^^^
  File "C:\Users\khyun\Projects\Unigate\.venv\Lib\site-packages\pyarrow\pandas_compat.py", line 656, in <listcomp>
    arrays = [convert_column(c, f)
              ^^^^^^^^^^^^^^^^^^^^
  File "C:\Users\khyun\Projects\Unigate\.venv\Lib\site-packages\pyarrow\pandas_compat.py", line 644, in convert_column
    raise e
  File "C:\Users\khyun\Projects\Unigate\.venv\Lib\site-packages\pyarrow\pandas_compat.py", line 638, in convert_column
    result = pa.array(col, type=type_, from_pandas=True, safe=safe)
             ^^^^^^^^^^^^^^^^^^^^^^^^^^^^^^^^^^^^^^^^^^^^^^^^^^^^^^
  File "pyarrow/array.pxi", line 408, in pyarrow.lib.array
  File "pyarrow/array.pxi", line 91, in pyarrow.lib._ndarray_to_array
  File "pyarrow/error.pxi", line 92, in pyarrow.lib.check_status
pyarrow.lib.ArrowInvalid: ("Could not convert '-' with type str: tried to convert to double", 'Conversion failed for column 자연스러움 with type object')
2026-07-16 22:13:48.231 Please replace `use_container_width` with `width`.

`use_container_width` will be removed after 2025-12-31.

For `use_container_width=True`, use `width='stretch'`. For `use_container_width=False`, use `width='content'`.
2026-07-16 22:13:48.243 Serialization of dataframe to Arrow table was unsuccessful. Applying automatic fixes for column types to make the dataframe Arrow-compatible.
Traceback (most recent call last):
  File "C:\Users\khyun\Projects\Unigate\.venv\Lib\site-packages\streamlit\dataframe_util.py", line 821, in convert_pandas_df_to_arrow_bytes
    table = pa.Table.from_pandas(df)
            ^^^^^^^^^^^^^^^^^^^^^^^^
  File "pyarrow/table.pxi", line 4769, in pyarrow.lib.Table.from_pandas
  File "C:\Users\khyun\Projects\Unigate\.venv\Lib\site-packages\pyarrow\pandas_compat.py", line 656, in dataframe_to_arrays
    arrays = [convert_column(c, f)
             ^^^^^^^^^^^^^^^^^^^^^
  File "C:\Users\khyun\Projects\Unigate\.venv\Lib\site-packages\pyarrow\pandas_compat.py", line 656, in <listcomp>
    arrays = [convert_column(c, f)
              ^^^^^^^^^^^^^^^^^^^^
  File "C:\Users\khyun\Projects\Unigate\.venv\Lib\site-packages\pyarrow\pandas_compat.py", line 644, in convert_column
    raise e
  File "C:\Users\khyun\Projects\Unigate\.venv\Lib\site-packages\pyarrow\pandas_compat.py", line 638, in convert_column
    result = pa.array(col, type=type_, from_pandas=True, safe=safe)
             ^^^^^^^^^^^^^^^^^^^^^^^^^^^^^^^^^^^^^^^^^^^^^^^^^^^^^^
  File "pyarrow/array.pxi", line 408, in pyarrow.lib.array
  File "pyarrow/array.pxi", line 91, in pyarrow.lib._ndarray_to_array
  File "pyarrow/error.pxi", line 92, in pyarrow.lib.check_status
pyarrow.lib.ArrowInvalid: ("Could not convert '-' with type str: tried to convert to double", 'Conversion failed for column 자연스러움 with type object')
2026-07-16 22:14:03.143 Please replace `use_container_width` with `width`.

`use_container_width` will be removed after 2025-12-31.

For `use_container_width=True`, use `width='stretch'`. For `use_container_width=False`, use `width='content'`.
2026-07-16 22:14:13.011 Please replace `use_container_width` with `width`.

`use_container_width` will be removed after 2025-12-31.

For `use_container_width=True`, use `width='stretch'`. For `use_container_width=False`, use `width='content'`.
2026-07-16 22:14:38.987 Please replace `use_container_width` with `width`.

`use_container_width` will be removed after 2025-12-31.

For `use_container_width=True`, use `width='stretch'`. For `use_container_width=False`, use `width='content'`.
2026-07-16 22:14:47.585 Please replace `use_container_width` with `width`.

`use_container_width` will be removed after 2025-12-31.

For `use_container_width=True`, use `width='stretch'`. For `use_container_width=False`, use `width='content'`.
2026-07-16 22:15:39.941 Please replace `use_container_width` with `width`.

`use_container_width` will be removed after 2025-12-31.

For `use_container_width=True`, use `width='stretch'`. For `use_container_width=False`, use `width='content'`.
2026-07-16 22:15:46.587 Please replace `use_container_width` with `width`.

`use_container_width` will be removed after 2025-12-31.

For `use_container_width=True`, use `width='stretch'`. For `use_container_width=False`, use `width='content'`.
2026-07-16 22:15:49.993 Please replace `use_container_width` with `width`.

`use_container_width` will be removed after 2025-12-31.

For `use_container_width=True`, use `width='stretch'`. For `use_container_width=False`, use `width='content'`.
2026-07-16 22:15:54.389 Please replace `use_container_width` with `width`.

`use_container_width` will be removed after 2025-12-31.

For `use_container_width=True`, use `width='stretch'`. For `use_container_width=False`, use `width='content'`.
2026-07-16 22:15:57.092 Please replace `use_container_width` with `width`.

`use_container_width` will be removed after 2025-12-31.

For `use_container_width=True`, use `width='stretch'`. For `use_container_width=False`, use `width='content'`.
2026-07-16 22:15:59.620 Please replace `use_container_width` with `width`.

`use_container_width` will be removed after 2025-12-31.

For `use_container_width=True`, use `width='stretch'`. For `use_container_width=False`, use `width='content'`.
2026-07-16 22:16:21.620 Please replace `use_container_width` with `width`.

`use_container_width` will be removed after 2025-12-31.

For `use_container_width=True`, use `width='stretch'`. For `use_container_width=False`, use `width='content'`.
2026-07-16 22:16:27.454 Please replace `use_container_width` with `width`.

`use_container_width` will be removed after 2025-12-31.

For `use_container_width=True`, use `width='stretch'`. For `use_container_width=False`, use `width='content'`.
2026-07-16 22:16:32.019 Please replace `use_container_width` with `width`.

`use_container_width` will be removed after 2025-12-31.

For `use_container_width=True`, use `width='stretch'`. For `use_container_width=False`, use `width='content'`.
2026-07-16 22:16:35.275 Please replace `use_container_width` with `width`.

`use_container_width` will be removed after 2025-12-31.

For `use_container_width=True`, use `width='stretch'`. For `use_container_width=False`, use `width='content'`.
2026-07-16 22:16:37.306 Please replace `use_container_width` with `width`.

`use_container_width` will be removed after 2025-12-31.

For `use_container_width=True`, use `width='stretch'`. For `use_container_width=False`, use `width='content'`.
2026-07-16 22:28:09.364 Please replace `use_container_width` with `width`.

`use_container_width` will be removed after 2025-12-31.

For `use_container_width=True`, use `width='stretch'`. For `use_container_width=False`, use `width='content'`.
2026-07-16 22:28:09.373 Serialization of dataframe to Arrow table was unsuccessful. Applying automatic fixes for column types to make the dataframe Arrow-compatible.
Traceback (most recent call last):
  File "C:\Users\khyun\Projects\Unigate\.venv\Lib\site-packages\streamlit\dataframe_util.py", line 821, in convert_pandas_df_to_arrow_bytes
    table = pa.Table.from_pandas(df)
            ^^^^^^^^^^^^^^^^^^^^^^^^
  File "pyarrow/table.pxi", line 4769, in pyarrow.lib.Table.from_pandas
  File "C:\Users\khyun\Projects\Unigate\.venv\Lib\site-packages\pyarrow\pandas_compat.py", line 656, in dataframe_to_arrays
    arrays = [convert_column(c, f)
             ^^^^^^^^^^^^^^^^^^^^^
  File "C:\Users\khyun\Projects\Unigate\.venv\Lib\site-packages\pyarrow\pandas_compat.py", line 656, in <listcomp>
    arrays = [convert_column(c, f)
              ^^^^^^^^^^^^^^^^^^^^
  File "C:\Users\khyun\Projects\Unigate\.venv\Lib\site-packages\pyarrow\pandas_compat.py", line 644, in convert_column
    raise e
  File "C:\Users\khyun\Projects\Unigate\.venv\Lib\site-packages\pyarrow\pandas_compat.py", line 638, in convert_column
    result = pa.array(col, type=type_, from_pandas=True, safe=safe)
             ^^^^^^^^^^^^^^^^^^^^^^^^^^^^^^^^^^^^^^^^^^^^^^^^^^^^^^
  File "pyarrow/array.pxi", line 408, in pyarrow.lib.array
  File "pyarrow/array.pxi", line 91, in pyarrow.lib._ndarray_to_array
  File "pyarrow/error.pxi", line 92, in pyarrow.lib.check_status
pyarrow.lib.ArrowTypeError: ("Expected bytes, got a 'float' object", 'Conversion failed for column 자연스러움 with type object')
2026-07-16 22:28:33.411 Please replace `use_container_width` with `width`.

`use_container_width` will be removed after 2025-12-31.

For `use_container_width=True`, use `width='stretch'`. For `use_container_width=False`, use `width='content'`.
2026-07-16 22:28:33.419 Serialization of dataframe to Arrow table was unsuccessful. Applying automatic fixes for column types to make the dataframe Arrow-compatible.
Traceback (most recent call last):
  File "C:\Users\khyun\Projects\Unigate\.venv\Lib\site-packages\streamlit\dataframe_util.py", line 821, in convert_pandas_df_to_arrow_bytes
    table = pa.Table.from_pandas(df)
            ^^^^^^^^^^^^^^^^^^^^^^^^
  File "pyarrow/table.pxi", line 4769, in pyarrow.lib.Table.from_pandas
  File "C:\Users\khyun\Projects\Unigate\.venv\Lib\site-packages\pyarrow\pandas_compat.py", line 656, in dataframe_to_arrays
    arrays = [convert_column(c, f)
             ^^^^^^^^^^^^^^^^^^^^^
  File "C:\Users\khyun\Projects\Unigate\.venv\Lib\site-packages\pyarrow\pandas_compat.py", line 656, in <listcomp>
    arrays = [convert_column(c, f)
              ^^^^^^^^^^^^^^^^^^^^
  File "C:\Users\khyun\Projects\Unigate\.venv\Lib\site-packages\pyarrow\pandas_compat.py", line 644, in convert_column
    raise e
  File "C:\Users\khyun\Projects\Unigate\.venv\Lib\site-packages\pyarrow\pandas_compat.py", line 638, in convert_column
    result = pa.array(col, type=type_, from_pandas=True, safe=safe)
             ^^^^^^^^^^^^^^^^^^^^^^^^^^^^^^^^^^^^^^^^^^^^^^^^^^^^^^
  File "pyarrow/array.pxi", line 408, in pyarrow.lib.array
  File "pyarrow/array.pxi", line 91, in pyarrow.lib._ndarray_to_array
  File "pyarrow/error.pxi", line 92, in pyarrow.lib.check_status
pyarrow.lib.ArrowInvalid: ("Could not convert '-' with type str: tried to convert to double", 'Conversion failed for column 자연스러움 with type object')
2026-07-16 22:47:57.419 Please replace `use_container_width` with `width`.

`use_container_width` will be removed after 2025-12-31.

For `use_container_width=True`, use `width='stretch'`. For `use_container_width=False`, use `width='content'`.
2026-07-16 22:47:57.426 Serialization of dataframe to Arrow table was unsuccessful. Applying automatic fixes for column types to make the dataframe Arrow-compatible.
Traceback (most recent call last):
  File "C:\Users\khyun\Projects\Unigate\.venv\Lib\site-packages\streamlit\dataframe_util.py", line 821, in convert_pandas_df_to_arrow_bytes
    table = pa.Table.from_pandas(df)
            ^^^^^^^^^^^^^^^^^^^^^^^^
  File "pyarrow/table.pxi", line 4769, in pyarrow.lib.Table.from_pandas
  File "C:\Users\khyun\Projects\Unigate\.venv\Lib\site-packages\pyarrow\pandas_compat.py", line 656, in dataframe_to_arrays
    arrays = [convert_column(c, f)
             ^^^^^^^^^^^^^^^^^^^^^
  File "C:\Users\khyun\Projects\Unigate\.venv\Lib\site-packages\pyarrow\pandas_compat.py", line 656, in <listcomp>
    arrays = [convert_column(c, f)
              ^^^^^^^^^^^^^^^^^^^^
  File "C:\Users\khyun\Projects\Unigate\.venv\Lib\site-packages\pyarrow\pandas_compat.py", line 644, in convert_column
    raise e
  File "C:\Users\khyun\Projects\Unigate\.venv\Lib\site-packages\pyarrow\pandas_compat.py", line 638, in convert_column
    result = pa.array(col, type=type_, from_pandas=True, safe=safe)
             ^^^^^^^^^^^^^^^^^^^^^^^^^^^^^^^^^^^^^^^^^^^^^^^^^^^^^^
  File "pyarrow/array.pxi", line 408, in pyarrow.lib.array
  File "pyarrow/array.pxi", line 91, in pyarrow.lib._ndarray_to_array
  File "pyarrow/error.pxi", line 92, in pyarrow.lib.check_status
pyarrow.lib.ArrowInvalid: ("Could not convert '-' with type str: tried to convert to double", 'Conversion failed for column 자연스러움 with type object')
2026-07-16 22:48:17.467 Please replace `use_container_width` with `width`.

`use_container_width` will be removed after 2025-12-31.

For `use_container_width=True`, use `width='stretch'`. For `use_container_width=False`, use `width='content'`.
2026-07-16 22:48:17.476 Serialization of dataframe to Arrow table was unsuccessful. Applying automatic fixes for column types to make the dataframe Arrow-compatible.
Traceback (most recent call last):
  File "C:\Users\khyun\Projects\Unigate\.venv\Lib\site-packages\streamlit\dataframe_util.py", line 821, in convert_pandas_df_to_arrow_bytes
    table = pa.Table.from_pandas(df)
            ^^^^^^^^^^^^^^^^^^^^^^^^
  File "pyarrow/table.pxi", line 4769, in pyarrow.lib.Table.from_pandas
  File "C:\Users\khyun\Projects\Unigate\.venv\Lib\site-packages\pyarrow\pandas_compat.py", line 656, in dataframe_to_arrays
    arrays = [convert_column(c, f)
             ^^^^^^^^^^^^^^^^^^^^^
  File "C:\Users\khyun\Projects\Unigate\.venv\Lib\site-packages\pyarrow\pandas_compat.py", line 656, in <listcomp>
    arrays = [convert_column(c, f)
              ^^^^^^^^^^^^^^^^^^^^
  File "C:\Users\khyun\Projects\Unigate\.venv\Lib\site-packages\pyarrow\pandas_compat.py", line 644, in convert_column
    raise e
  File "C:\Users\khyun\Projects\Unigate\.venv\Lib\site-packages\pyarrow\pandas_compat.py", line 638, in convert_column
    result = pa.array(col, type=type_, from_pandas=True, safe=safe)
             ^^^^^^^^^^^^^^^^^^^^^^^^^^^^^^^^^^^^^^^^^^^^^^^^^^^^^^
  File "pyarrow/array.pxi", line 408, in pyarrow.lib.array
  File "pyarrow/array.pxi", line 91, in pyarrow.lib._ndarray_to_array
  File "pyarrow/error.pxi", line 92, in pyarrow.lib.check_status
pyarrow.lib.ArrowInvalid: ("Could not convert '-' with type str: tried to convert to double", 'Conversion failed for column 자연스러움 with type object')
2026-07-16 22:48:48.189 Please replace `use_container_width` with `width`.

`use_container_width` will be removed after 2025-12-31.

For `use_container_width=True`, use `width='stretch'`. For `use_container_width=False`, use `width='content'`.
2026-07-16 22:48:48.195 Serialization of dataframe to Arrow table was unsuccessful. Applying automatic fixes for column types to make the dataframe Arrow-compatible.
Traceback (most recent call last):
  File "C:\Users\khyun\Projects\Unigate\.venv\Lib\site-packages\streamlit\dataframe_util.py", line 821, in convert_pandas_df_to_arrow_bytes
    table = pa.Table.from_pandas(df)
            ^^^^^^^^^^^^^^^^^^^^^^^^
  File "pyarrow/table.pxi", line 4769, in pyarrow.lib.Table.from_pandas
  File "C:\Users\khyun\Projects\Unigate\.venv\Lib\site-packages\pyarrow\pandas_compat.py", line 656, in dataframe_to_arrays
    arrays = [convert_column(c, f)
             ^^^^^^^^^^^^^^^^^^^^^
  File "C:\Users\khyun\Projects\Unigate\.venv\Lib\site-packages\pyarrow\pandas_compat.py", line 656, in <listcomp>
    arrays = [convert_column(c, f)
              ^^^^^^^^^^^^^^^^^^^^
  File "C:\Users\khyun\Projects\Unigate\.venv\Lib\site-packages\pyarrow\pandas_compat.py", line 644, in convert_column
    raise e
  File "C:\Users\khyun\Projects\Unigate\.venv\Lib\site-packages\pyarrow\pandas_compat.py", line 638, in convert_column
    result = pa.array(col, type=type_, from_pandas=True, safe=safe)
             ^^^^^^^^^^^^^^^^^^^^^^^^^^^^^^^^^^^^^^^^^^^^^^^^^^^^^^
  File "pyarrow/array.pxi", line 408, in pyarrow.lib.array
  File "pyarrow/array.pxi", line 91, in pyarrow.lib._ndarray_to_array
  File "pyarrow/error.pxi", line 92, in pyarrow.lib.check_status
pyarrow.lib.ArrowInvalid: ("Could not convert '-' with type str: tried to convert to double", 'Conversion failed for column 자연스러움 with type object')
2026-07-16 22:49:07.117 Please replace `use_container_width` with `width`.

`use_container_width` will be removed after 2025-12-31.

For `use_container_width=True`, use `width='stretch'`. For `use_container_width=False`, use `width='content'`.
2026-07-16 22:49:32.423 Please replace `use_container_width` with `width`.

`use_container_width` will be removed after 2025-12-31.

For `use_container_width=True`, use `width='stretch'`. For `use_container_width=False`, use `width='content'`.
2026-07-16 22:50:04.219 Please replace `use_container_width` with `width`.

`use_container_width` will be removed after 2025-12-31.

For `use_container_width=True`, use `width='stretch'`. For `use_container_width=False`, use `width='content'`.
2026-07-16 22:50:24.516 Please replace `use_container_width` with `width`.

`use_container_width` will be removed after 2025-12-31.

For `use_container_width=True`, use `width='stretch'`. For `use_container_width=False`, use `width='content'`.
2026-07-16 23:18:38.207 Please replace `use_container_width` with `width`.

`use_container_width` will be removed after 2025-12-31.

For `use_container_width=True`, use `width='stretch'`. For `use_container_width=False`, use `width='content'`.
2026-07-16 23:18:38.211 Serialization of dataframe to Arrow table was unsuccessful. Applying automatic fixes for column types to make the dataframe Arrow-compatible.
Traceback (most recent call last):
  File "C:\Users\khyun\Projects\Unigate\.venv\Lib\site-packages\streamlit\dataframe_util.py", line 821, in convert_pandas_df_to_arrow_bytes
    table = pa.Table.from_pandas(df)
            ^^^^^^^^^^^^^^^^^^^^^^^^
  File "pyarrow/table.pxi", line 4769, in pyarrow.lib.Table.from_pandas
  File "C:\Users\khyun\Projects\Unigate\.venv\Lib\site-packages\pyarrow\pandas_compat.py", line 656, in dataframe_to_arrays
    arrays = [convert_column(c, f)
             ^^^^^^^^^^^^^^^^^^^^^
  File "C:\Users\khyun\Projects\Unigate\.venv\Lib\site-packages\pyarrow\pandas_compat.py", line 656, in <listcomp>
    arrays = [convert_column(c, f)
              ^^^^^^^^^^^^^^^^^^^^
  File "C:\Users\khyun\Projects\Unigate\.venv\Lib\site-packages\pyarrow\pandas_compat.py", line 644, in convert_column
    raise e
  File "C:\Users\khyun\Projects\Unigate\.venv\Lib\site-packages\pyarrow\pandas_compat.py", line 638, in convert_column
    result = pa.array(col, type=type_, from_pandas=True, safe=safe)
             ^^^^^^^^^^^^^^^^^^^^^^^^^^^^^^^^^^^^^^^^^^^^^^^^^^^^^^
  File "pyarrow/array.pxi", line 408, in pyarrow.lib.array
  File "pyarrow/array.pxi", line 91, in pyarrow.lib._ndarray_to_array
  File "pyarrow/error.pxi", line 92, in pyarrow.lib.check_status
pyarrow.lib.ArrowTypeError: ("Expected bytes, got a 'float' object", 'Conversion failed for column 자연스러움 with type object')
2026-07-16 23:19:04.497 Please replace `use_container_width` with `width`.

`use_container_width` will be removed after 2025-12-31.

For `use_container_width=True`, use `width='stretch'`. For `use_container_width=False`, use `width='content'`.
2026-07-16 23:19:04.506 Serialization of dataframe to Arrow table was unsuccessful. Applying automatic fixes for column types to make the dataframe Arrow-compatible.
Traceback (most recent call last):
  File "C:\Users\khyun\Projects\Unigate\.venv\Lib\site-packages\streamlit\dataframe_util.py", line 821, in convert_pandas_df_to_arrow_bytes
    table = pa.Table.from_pandas(df)
            ^^^^^^^^^^^^^^^^^^^^^^^^
  File "pyarrow/table.pxi", line 4769, in pyarrow.lib.Table.from_pandas
  File "C:\Users\khyun\Projects\Unigate\.venv\Lib\site-packages\pyarrow\pandas_compat.py", line 656, in dataframe_to_arrays
    arrays = [convert_column(c, f)
             ^^^^^^^^^^^^^^^^^^^^^
  File "C:\Users\khyun\Projects\Unigate\.venv\Lib\site-packages\pyarrow\pandas_compat.py", line 656, in <listcomp>
    arrays = [convert_column(c, f)
              ^^^^^^^^^^^^^^^^^^^^
  File "C:\Users\khyun\Projects\Unigate\.venv\Lib\site-packages\pyarrow\pandas_compat.py", line 644, in convert_column
    raise e
  File "C:\Users\khyun\Projects\Unigate\.venv\Lib\site-packages\pyarrow\pandas_compat.py", line 638, in convert_column
    result = pa.array(col, type=type_, from_pandas=True, safe=safe)
             ^^^^^^^^^^^^^^^^^^^^^^^^^^^^^^^^^^^^^^^^^^^^^^^^^^^^^^
  File "pyarrow/array.pxi", line 408, in pyarrow.lib.array
  File "pyarrow/array.pxi", line 91, in pyarrow.lib._ndarray_to_array
  File "pyarrow/error.pxi", line 92, in pyarrow.lib.check_status
pyarrow.lib.ArrowInvalid: ("Could not convert '-' with type str: tried to convert to double", 'Conversion failed for column 자연스러움 with type object')
2026-07-16 23:22:57.630 Please replace `use_container_width` with `width`.

`use_container_width` will be removed after 2025-12-31.

For `use_container_width=True`, use `width='stretch'`. For `use_container_width=False`, use `width='content'`.
2026-07-16 23:22:57.640 Serialization of dataframe to Arrow table was unsuccessful. Applying automatic fixes for column types to make the dataframe Arrow-compatible.
Traceback (most recent call last):
  File "C:\Users\khyun\Projects\Unigate\.venv\Lib\site-packages\streamlit\dataframe_util.py", line 821, in convert_pandas_df_to_arrow_bytes
    table = pa.Table.from_pandas(df)
            ^^^^^^^^^^^^^^^^^^^^^^^^
  File "pyarrow/table.pxi", line 4769, in pyarrow.lib.Table.from_pandas
  File "C:\Users\khyun\Projects\Unigate\.venv\Lib\site-packages\pyarrow\pandas_compat.py", line 656, in dataframe_to_arrays
    arrays = [convert_column(c, f)
             ^^^^^^^^^^^^^^^^^^^^^
  File "C:\Users\khyun\Projects\Unigate\.venv\Lib\site-packages\pyarrow\pandas_compat.py", line 656, in <listcomp>
    arrays = [convert_column(c, f)
              ^^^^^^^^^^^^^^^^^^^^
  File "C:\Users\khyun\Projects\Unigate\.venv\Lib\site-packages\pyarrow\pandas_compat.py", line 644, in convert_column
    raise e
  File "C:\Users\khyun\Projects\Unigate\.venv\Lib\site-packages\pyarrow\pandas_compat.py", line 638, in convert_column
    result = pa.array(col, type=type_, from_pandas=True, safe=safe)
             ^^^^^^^^^^^^^^^^^^^^^^^^^^^^^^^^^^^^^^^^^^^^^^^^^^^^^^
  File "pyarrow/array.pxi", line 408, in pyarrow.lib.array
  File "pyarrow/array.pxi", line 91, in pyarrow.lib._ndarray_to_array
  File "pyarrow/error.pxi", line 92, in pyarrow.lib.check_status
pyarrow.lib.ArrowInvalid: ("Could not convert '-' with type str: tried to convert to double", 'Conversion failed for column 자연스러움 with type object')
2026-07-16 23:27:19.129 Please replace `use_container_width` with `width`.

`use_container_width` will be removed after 2025-12-31.

For `use_container_width=True`, use `width='stretch'`. For `use_container_width=False`, use `width='content'`.
2026-07-16 23:27:19.136 Serialization of dataframe to Arrow table was unsuccessful. Applying automatic fixes for column types to make the dataframe Arrow-compatible.
Traceback (most recent call last):
  File "C:\Users\khyun\Projects\Unigate\.venv\Lib\site-packages\streamlit\dataframe_util.py", line 821, in convert_pandas_df_to_arrow_bytes
    table = pa.Table.from_pandas(df)
            ^^^^^^^^^^^^^^^^^^^^^^^^
  File "pyarrow/table.pxi", line 4769, in pyarrow.lib.Table.from_pandas
  File "C:\Users\khyun\Projects\Unigate\.venv\Lib\site-packages\pyarrow\pandas_compat.py", line 656, in dataframe_to_arrays
    arrays = [convert_column(c, f)
             ^^^^^^^^^^^^^^^^^^^^^
  File "C:\Users\khyun\Projects\Unigate\.venv\Lib\site-packages\pyarrow\pandas_compat.py", line 656, in <listcomp>
    arrays = [convert_column(c, f)
              ^^^^^^^^^^^^^^^^^^^^
  File "C:\Users\khyun\Projects\Unigate\.venv\Lib\site-packages\pyarrow\pandas_compat.py", line 644, in convert_column
    raise e
  File "C:\Users\khyun\Projects\Unigate\.venv\Lib\site-packages\pyarrow\pandas_compat.py", line 638, in convert_column
    result = pa.array(col, type=type_, from_pandas=True, safe=safe)
             ^^^^^^^^^^^^^^^^^^^^^^^^^^^^^^^^^^^^^^^^^^^^^^^^^^^^^^
  File "pyarrow/array.pxi", line 408, in pyarrow.lib.array
  File "pyarrow/array.pxi", line 91, in pyarrow.lib._ndarray_to_array
  File "pyarrow/error.pxi", line 92, in pyarrow.lib.check_status
pyarrow.lib.ArrowInvalid: ("Could not convert '-' with type str: tried to convert to double", 'Conversion failed for column 자연스러움 with type object')
2026-07-16 23:28:51.791 Please replace `use_container_width` with `width`.

`use_container_width` will be removed after 2025-12-31.

For `use_container_width=True`, use `width='stretch'`. For `use_container_width=False`, use `width='content'`.
2026-07-16 23:29:08.365 Please replace `use_container_width` with `width`.

`use_container_width` will be removed after 2025-12-31.

For `use_container_width=True`, use `width='stretch'`. For `use_container_width=False`, use `width='content'`.
2026-07-16 23:29:21.070 Please replace `use_container_width` with `width`.

`use_container_width` will be removed after 2025-12-31.

For `use_container_width=True`, use `width='stretch'`. For `use_container_width=False`, use `width='content'`.
2026-07-17 00:01:37.119 Please replace `use_container_width` with `width`.

`use_container_width` will be removed after 2025-12-31.

For `use_container_width=True`, use `width='stretch'`. For `use_container_width=False`, use `width='content'`.
2026-07-17 00:01:37.119 Serialization of dataframe to Arrow table was unsuccessful. Applying automatic fixes for column types to make the dataframe Arrow-compatible.
Traceback (most recent call last):
  File "C:\Users\khyun\Projects\Unigate\.venv\Lib\site-packages\streamlit\dataframe_util.py", line 821, in convert_pandas_df_to_arrow_bytes
    table = pa.Table.from_pandas(df)
            ^^^^^^^^^^^^^^^^^^^^^^^^
  File "pyarrow/table.pxi", line 4769, in pyarrow.lib.Table.from_pandas
  File "C:\Users\khyun\Projects\Unigate\.venv\Lib\site-packages\pyarrow\pandas_compat.py", line 656, in dataframe_to_arrays
    arrays = [convert_column(c, f)
             ^^^^^^^^^^^^^^^^^^^^^
  File "C:\Users\khyun\Projects\Unigate\.venv\Lib\site-packages\pyarrow\pandas_compat.py", line 656, in <listcomp>
    arrays = [convert_column(c, f)
              ^^^^^^^^^^^^^^^^^^^^
  File "C:\Users\khyun\Projects\Unigate\.venv\Lib\site-packages\pyarrow\pandas_compat.py", line 644, in convert_column
    raise e
  File "C:\Users\khyun\Projects\Unigate\.venv\Lib\site-packages\pyarrow\pandas_compat.py", line 638, in convert_column
    result = pa.array(col, type=type_, from_pandas=True, safe=safe)
             ^^^^^^^^^^^^^^^^^^^^^^^^^^^^^^^^^^^^^^^^^^^^^^^^^^^^^^
  File "pyarrow/array.pxi", line 408, in pyarrow.lib.array
  File "pyarrow/array.pxi", line 91, in pyarrow.lib._ndarray_to_array
  File "pyarrow/error.pxi", line 92, in pyarrow.lib.check_status
pyarrow.lib.ArrowTypeError: ("Expected bytes, got a 'float' object", 'Conversion failed for column 자연스러움 with type object')
2026-07-17 00:01:42.797 Please replace `use_container_width` with `width`.

`use_container_width` will be removed after 2025-12-31.

For `use_container_width=True`, use `width='stretch'`. For `use_container_width=False`, use `width='content'`.
2026-07-17 00:01:42.803 Serialization of dataframe to Arrow table was unsuccessful. Applying automatic fixes for column types to make the dataframe Arrow-compatible.
Traceback (most recent call last):
  File "C:\Users\khyun\Projects\Unigate\.venv\Lib\site-packages\streamlit\dataframe_util.py", line 821, in convert_pandas_df_to_arrow_bytes
    table = pa.Table.from_pandas(df)
            ^^^^^^^^^^^^^^^^^^^^^^^^
  File "pyarrow/table.pxi", line 4769, in pyarrow.lib.Table.from_pandas
  File "C:\Users\khyun\Projects\Unigate\.venv\Lib\site-packages\pyarrow\pandas_compat.py", line 656, in dataframe_to_arrays
    arrays = [convert_column(c, f)
             ^^^^^^^^^^^^^^^^^^^^^
  File "C:\Users\khyun\Projects\Unigate\.venv\Lib\site-packages\pyarrow\pandas_compat.py", line 656, in <listcomp>
    arrays = [convert_column(c, f)
              ^^^^^^^^^^^^^^^^^^^^
  File "C:\Users\khyun\Projects\Unigate\.venv\Lib\site-packages\pyarrow\pandas_compat.py", line 644, in convert_column
    raise e
  File "C:\Users\khyun\Projects\Unigate\.venv\Lib\site-packages\pyarrow\pandas_compat.py", line 638, in convert_column
    result = pa.array(col, type=type_, from_pandas=True, safe=safe)
             ^^^^^^^^^^^^^^^^^^^^^^^^^^^^^^^^^^^^^^^^^^^^^^^^^^^^^^
  File "pyarrow/array.pxi", line 408, in pyarrow.lib.array
  File "pyarrow/array.pxi", line 91, in pyarrow.lib._ndarray_to_array
  File "pyarrow/error.pxi", line 92, in pyarrow.lib.check_status
pyarrow.lib.ArrowInvalid: ("Could not convert '-' with type str: tried to convert to double", 'Conversion failed for column 자연스러움 with type object')
2026-07-17 00:01:50.284 Please replace `use_container_width` with `width`.

`use_container_width` will be removed after 2025-12-31.

For `use_container_width=True`, use `width='stretch'`. For `use_container_width=False`, use `width='content'`.
2026-07-17 00:01:50.292 Serialization of dataframe to Arrow table was unsuccessful. Applying automatic fixes for column types to make the dataframe Arrow-compatible.
Traceback (most recent call last):
  File "C:\Users\khyun\Projects\Unigate\.venv\Lib\site-packages\streamlit\dataframe_util.py", line 821, in convert_pandas_df_to_arrow_bytes
    table = pa.Table.from_pandas(df)
            ^^^^^^^^^^^^^^^^^^^^^^^^
  File "pyarrow/table.pxi", line 4769, in pyarrow.lib.Table.from_pandas
  File "C:\Users\khyun\Projects\Unigate\.venv\Lib\site-packages\pyarrow\pandas_compat.py", line 656, in dataframe_to_arrays
    arrays = [convert_column(c, f)
             ^^^^^^^^^^^^^^^^^^^^^
  File "C:\Users\khyun\Projects\Unigate\.venv\Lib\site-packages\pyarrow\pandas_compat.py", line 656, in <listcomp>
    arrays = [convert_column(c, f)
              ^^^^^^^^^^^^^^^^^^^^
  File "C:\Users\khyun\Projects\Unigate\.venv\Lib\site-packages\pyarrow\pandas_compat.py", line 644, in convert_column
    raise e
  File "C:\Users\khyun\Projects\Unigate\.venv\Lib\site-packages\pyarrow\pandas_compat.py", line 638, in convert_column
    result = pa.array(col, type=type_, from_pandas=True, safe=safe)
             ^^^^^^^^^^^^^^^^^^^^^^^^^^^^^^^^^^^^^^^^^^^^^^^^^^^^^^
  File "pyarrow/array.pxi", line 408, in pyarrow.lib.array
  File "pyarrow/array.pxi", line 91, in pyarrow.lib._ndarray_to_array
  File "pyarrow/error.pxi", line 92, in pyarrow.lib.check_status
pyarrow.lib.ArrowInvalid: ("Could not convert '-' with type str: tried to convert to double", 'Conversion failed for column 자연스러움 with type object')
2026-07-17 00:01:52.388 Please replace `use_container_width` with `width`.

`use_container_width` will be removed after 2025-12-31.

For `use_container_width=True`, use `width='stretch'`. For `use_container_width=False`, use `width='content'`.
2026-07-17 00:01:52.397 Serialization of dataframe to Arrow table was unsuccessful. Applying automatic fixes for column types to make the dataframe Arrow-compatible.
Traceback (most recent call last):
  File "C:\Users\khyun\Projects\Unigate\.venv\Lib\site-packages\streamlit\dataframe_util.py", line 821, in convert_pandas_df_to_arrow_bytes
    table = pa.Table.from_pandas(df)
            ^^^^^^^^^^^^^^^^^^^^^^^^
  File "pyarrow/table.pxi", line 4769, in pyarrow.lib.Table.from_pandas
  File "C:\Users\khyun\Projects\Unigate\.venv\Lib\site-packages\pyarrow\pandas_compat.py", line 656, in dataframe_to_arrays
    arrays = [convert_column(c, f)
             ^^^^^^^^^^^^^^^^^^^^^
  File "C:\Users\khyun\Projects\Unigate\.venv\Lib\site-packages\pyarrow\pandas_compat.py", line 656, in <listcomp>
    arrays = [convert_column(c, f)
              ^^^^^^^^^^^^^^^^^^^^
  File "C:\Users\khyun\Projects\Unigate\.venv\Lib\site-packages\pyarrow\pandas_compat.py", line 644, in convert_column
    raise e
  File "C:\Users\khyun\Projects\Unigate\.venv\Lib\site-packages\pyarrow\pandas_compat.py", line 638, in convert_column
    result = pa.array(col, type=type_, from_pandas=True, safe=safe)
             ^^^^^^^^^^^^^^^^^^^^^^^^^^^^^^^^^^^^^^^^^^^^^^^^^^^^^^
  File "pyarrow/array.pxi", line 408, in pyarrow.lib.array
  File "pyarrow/array.pxi", line 91, in pyarrow.lib._ndarray_to_array
  File "pyarrow/error.pxi", line 92, in pyarrow.lib.check_status
pyarrow.lib.ArrowInvalid: ("Could not convert '-' with type str: tried to convert to double", 'Conversion failed for column 자연스러움 with type object')
2026-07-17 00:01:53.738 Please replace `use_container_width` with `width`.

`use_container_width` will be removed after 2025-12-31.

For `use_container_width=True`, use `width='stretch'`. For `use_container_width=False`, use `width='content'`.
2026-07-17 00:01:54.652 Please replace `use_container_width` with `width`.

`use_container_width` will be removed after 2025-12-31.

For `use_container_width=True`, use `width='stretch'`. For `use_container_width=False`, use `width='content'`.
2026-07-17 00:01:55.857 Please replace `use_container_width` with `width`.

`use_container_width` will be removed after 2025-12-31.

For `use_container_width=True`, use `width='stretch'`. For `use_container_width=False`, use `width='content'`.
2026-07-17 00:09:25.333 Please replace `use_container_width` with `width`.

`use_container_width` will be removed after 2025-12-31.

For `use_container_width=True`, use `width='stretch'`. For `use_container_width=False`, use `width='content'`.
2026-07-17 00:09:25.340 Serialization of dataframe to Arrow table was unsuccessful. Applying automatic fixes for column types to make the dataframe Arrow-compatible.
Traceback (most recent call last):
  File "C:\Users\khyun\Projects\Unigate\.venv\Lib\site-packages\streamlit\dataframe_util.py", line 821, in convert_pandas_df_to_arrow_bytes
    table = pa.Table.from_pandas(df)
            ^^^^^^^^^^^^^^^^^^^^^^^^
  File "pyarrow/table.pxi", line 4769, in pyarrow.lib.Table.from_pandas
  File "C:\Users\khyun\Projects\Unigate\.venv\Lib\site-packages\pyarrow\pandas_compat.py", line 656, in dataframe_to_arrays
    arrays = [convert_column(c, f)
             ^^^^^^^^^^^^^^^^^^^^^
  File "C:\Users\khyun\Projects\Unigate\.venv\Lib\site-packages\pyarrow\pandas_compat.py", line 656, in <listcomp>
    arrays = [convert_column(c, f)
              ^^^^^^^^^^^^^^^^^^^^
  File "C:\Users\khyun\Projects\Unigate\.venv\Lib\site-packages\pyarrow\pandas_compat.py", line 644, in convert_column
    raise e
  File "C:\Users\khyun\Projects\Unigate\.venv\Lib\site-packages\pyarrow\pandas_compat.py", line 638, in convert_column
    result = pa.array(col, type=type_, from_pandas=True, safe=safe)
             ^^^^^^^^^^^^^^^^^^^^^^^^^^^^^^^^^^^^^^^^^^^^^^^^^^^^^^
  File "pyarrow/array.pxi", line 408, in pyarrow.lib.array
  File "pyarrow/array.pxi", line 91, in pyarrow.lib._ndarray_to_array
  File "pyarrow/error.pxi", line 92, in pyarrow.lib.check_status
pyarrow.lib.ArrowTypeError: ("Expected bytes, got a 'float' object", 'Conversion failed for column 자연스러움 with type object')
2026-07-17 00:09:28.281 Please replace `use_container_width` with `width`.

`use_container_width` will be removed after 2025-12-31.

For `use_container_width=True`, use `width='stretch'`. For `use_container_width=False`, use `width='content'`.
2026-07-17 00:09:28.291 Serialization of dataframe to Arrow table was unsuccessful. Applying automatic fixes for column types to make the dataframe Arrow-compatible.
Traceback (most recent call last):
  File "C:\Users\khyun\Projects\Unigate\.venv\Lib\site-packages\streamlit\dataframe_util.py", line 821, in convert_pandas_df_to_arrow_bytes
    table = pa.Table.from_pandas(df)
            ^^^^^^^^^^^^^^^^^^^^^^^^
  File "pyarrow/table.pxi", line 4769, in pyarrow.lib.Table.from_pandas
  File "C:\Users\khyun\Projects\Unigate\.venv\Lib\site-packages\pyarrow\pandas_compat.py", line 656, in dataframe_to_arrays
    arrays = [convert_column(c, f)
             ^^^^^^^^^^^^^^^^^^^^^
  File "C:\Users\khyun\Projects\Unigate\.venv\Lib\site-packages\pyarrow\pandas_compat.py", line 656, in <listcomp>
    arrays = [convert_column(c, f)
              ^^^^^^^^^^^^^^^^^^^^
  File "C:\Users\khyun\Projects\Unigate\.venv\Lib\site-packages\pyarrow\pandas_compat.py", line 644, in convert_column
    raise e
  File "C:\Users\khyun\Projects\Unigate\.venv\Lib\site-packages\pyarrow\pandas_compat.py", line 638, in convert_column
    result = pa.array(col, type=type_, from_pandas=True, safe=safe)
             ^^^^^^^^^^^^^^^^^^^^^^^^^^^^^^^^^^^^^^^^^^^^^^^^^^^^^^
  File "pyarrow/array.pxi", line 408, in pyarrow.lib.array
  File "pyarrow/array.pxi", line 91, in pyarrow.lib._ndarray_to_array
  File "pyarrow/error.pxi", line 92, in pyarrow.lib.check_status
pyarrow.lib.ArrowInvalid: ("Could not convert '-' with type str: tried to convert to double", 'Conversion failed for column 자연스러움 with type object')
2026-07-17 00:09:30.910 Please replace `use_container_width` with `width`.

`use_container_width` will be removed after 2025-12-31.

For `use_container_width=True`, use `width='stretch'`. For `use_container_width=False`, use `width='content'`.
2026-07-17 00:09:30.925 Serialization of dataframe to Arrow table was unsuccessful. Applying automatic fixes for column types to make the dataframe Arrow-compatible.
Traceback (most recent call last):
  File "C:\Users\khyun\Projects\Unigate\.venv\Lib\site-packages\streamlit\dataframe_util.py", line 821, in convert_pandas_df_to_arrow_bytes
    table = pa.Table.from_pandas(df)
            ^^^^^^^^^^^^^^^^^^^^^^^^
  File "pyarrow/table.pxi", line 4769, in pyarrow.lib.Table.from_pandas
  File "C:\Users\khyun\Projects\Unigate\.venv\Lib\site-packages\pyarrow\pandas_compat.py", line 656, in dataframe_to_arrays
    arrays = [convert_column(c, f)
             ^^^^^^^^^^^^^^^^^^^^^
  File "C:\Users\khyun\Projects\Unigate\.venv\Lib\site-packages\pyarrow\pandas_compat.py", line 656, in <listcomp>
    arrays = [convert_column(c, f)
              ^^^^^^^^^^^^^^^^^^^^
  File "C:\Users\khyun\Projects\Unigate\.venv\Lib\site-packages\pyarrow\pandas_compat.py", line 644, in convert_column
    raise e
  File "C:\Users\khyun\Projects\Unigate\.venv\Lib\site-packages\pyarrow\pandas_compat.py", line 638, in convert_column
    result = pa.array(col, type=type_, from_pandas=True, safe=safe)
             ^^^^^^^^^^^^^^^^^^^^^^^^^^^^^^^^^^^^^^^^^^^^^^^^^^^^^^
  File "pyarrow/array.pxi", line 408, in pyarrow.lib.array
  File "pyarrow/array.pxi", line 91, in pyarrow.lib._ndarray_to_array
  File "pyarrow/error.pxi", line 92, in pyarrow.lib.check_status
pyarrow.lib.ArrowInvalid: ("Could not convert '-' with type str: tried to convert to double", 'Conversion failed for column 자연스러움 with type object')
2026-07-17 00:09:32.737 Please replace `use_container_width` with `width`.

`use_container_width` will be removed after 2025-12-31.

For `use_container_width=True`, use `width='stretch'`. For `use_container_width=False`, use `width='content'`.
2026-07-17 00:09:34.230 Please replace `use_container_width` with `width`.

`use_container_width` will be removed after 2025-12-31.

For `use_container_width=True`, use `width='stretch'`. For `use_container_width=False`, use `width='content'`.
2026-07-17 00:17:49.113 Please replace `use_container_width` with `width`.

`use_container_width` will be removed after 2025-12-31.

For `use_container_width=True`, use `width='stretch'`. For `use_container_width=False`, use `width='content'`.
2026-07-17 00:17:49.113 Serialization of dataframe to Arrow table was unsuccessful. Applying automatic fixes for column types to make the dataframe Arrow-compatible.
Traceback (most recent call last):
  File "C:\Users\khyun\Projects\Unigate\.venv\Lib\site-packages\streamlit\dataframe_util.py", line 821, in convert_pandas_df_to_arrow_bytes
    table = pa.Table.from_pandas(df)
            ^^^^^^^^^^^^^^^^^^^^^^^^
  File "pyarrow/table.pxi", line 4769, in pyarrow.lib.Table.from_pandas
  File "C:\Users\khyun\Projects\Unigate\.venv\Lib\site-packages\pyarrow\pandas_compat.py", line 656, in dataframe_to_arrays
    arrays = [convert_column(c, f)
             ^^^^^^^^^^^^^^^^^^^^^
  File "C:\Users\khyun\Projects\Unigate\.venv\Lib\site-packages\pyarrow\pandas_compat.py", line 656, in <listcomp>
    arrays = [convert_column(c, f)
              ^^^^^^^^^^^^^^^^^^^^
  File "C:\Users\khyun\Projects\Unigate\.venv\Lib\site-packages\pyarrow\pandas_compat.py", line 644, in convert_column
    raise e
  File "C:\Users\khyun\Projects\Unigate\.venv\Lib\site-packages\pyarrow\pandas_compat.py", line 638, in convert_column
    result = pa.array(col, type=type_, from_pandas=True, safe=safe)
             ^^^^^^^^^^^^^^^^^^^^^^^^^^^^^^^^^^^^^^^^^^^^^^^^^^^^^^
  File "pyarrow/array.pxi", line 408, in pyarrow.lib.array
  File "pyarrow/array.pxi", line 91, in pyarrow.lib._ndarray_to_array
  File "pyarrow/error.pxi", line 92, in pyarrow.lib.check_status
pyarrow.lib.ArrowTypeError: ("Expected bytes, got a 'float' object", 'Conversion failed for column 자연스러움 with type object')
2026-07-17 00:17:54.030 Please replace `use_container_width` with `width`.

`use_container_width` will be removed after 2025-12-31.

For `use_container_width=True`, use `width='stretch'`. For `use_container_width=False`, use `width='content'`.
2026-07-17 00:17:54.039 Serialization of dataframe to Arrow table was unsuccessful. Applying automatic fixes for column types to make the dataframe Arrow-compatible.
Traceback (most recent call last):
  File "C:\Users\khyun\Projects\Unigate\.venv\Lib\site-packages\streamlit\dataframe_util.py", line 821, in convert_pandas_df_to_arrow_bytes
    table = pa.Table.from_pandas(df)
            ^^^^^^^^^^^^^^^^^^^^^^^^
  File "pyarrow/table.pxi", line 4769, in pyarrow.lib.Table.from_pandas
  File "C:\Users\khyun\Projects\Unigate\.venv\Lib\site-packages\pyarrow\pandas_compat.py", line 656, in dataframe_to_arrays
    arrays = [convert_column(c, f)
             ^^^^^^^^^^^^^^^^^^^^^
  File "C:\Users\khyun\Projects\Unigate\.venv\Lib\site-packages\pyarrow\pandas_compat.py", line 656, in <listcomp>
    arrays = [convert_column(c, f)
              ^^^^^^^^^^^^^^^^^^^^
  File "C:\Users\khyun\Projects\Unigate\.venv\Lib\site-packages\pyarrow\pandas_compat.py", line 644, in convert_column
    raise e
  File "C:\Users\khyun\Projects\Unigate\.venv\Lib\site-packages\pyarrow\pandas_compat.py", line 638, in convert_column
    result = pa.array(col, type=type_, from_pandas=True, safe=safe)
             ^^^^^^^^^^^^^^^^^^^^^^^^^^^^^^^^^^^^^^^^^^^^^^^^^^^^^^
  File "pyarrow/array.pxi", line 408, in pyarrow.lib.array
  File "pyarrow/array.pxi", line 91, in pyarrow.lib._ndarray_to_array
  File "pyarrow/error.pxi", line 92, in pyarrow.lib.check_status
pyarrow.lib.ArrowInvalid: ("Could not convert '-' with type str: tried to convert to double", 'Conversion failed for column 자연스러움 with type object')
2026-07-17 00:17:57.164 Please replace `use_container_width` with `width`.

`use_container_width` will be removed after 2025-12-31.

For `use_container_width=True`, use `width='stretch'`. For `use_container_width=False`, use `width='content'`.
2026-07-17 00:17:57.167 Serialization of dataframe to Arrow table was unsuccessful. Applying automatic fixes for column types to make the dataframe Arrow-compatible.
Traceback (most recent call last):
  File "C:\Users\khyun\Projects\Unigate\.venv\Lib\site-packages\streamlit\dataframe_util.py", line 821, in convert_pandas_df_to_arrow_bytes
    table = pa.Table.from_pandas(df)
            ^^^^^^^^^^^^^^^^^^^^^^^^
  File "pyarrow/table.pxi", line 4769, in pyarrow.lib.Table.from_pandas
  File "C:\Users\khyun\Projects\Unigate\.venv\Lib\site-packages\pyarrow\pandas_compat.py", line 656, in dataframe_to_arrays
    arrays = [convert_column(c, f)
             ^^^^^^^^^^^^^^^^^^^^^
  File "C:\Users\khyun\Projects\Unigate\.venv\Lib\site-packages\pyarrow\pandas_compat.py", line 656, in <listcomp>
    arrays = [convert_column(c, f)
              ^^^^^^^^^^^^^^^^^^^^
  File "C:\Users\khyun\Projects\Unigate\.venv\Lib\site-packages\pyarrow\pandas_compat.py", line 644, in convert_column
    raise e
  File "C:\Users\khyun\Projects\Unigate\.venv\Lib\site-packages\pyarrow\pandas_compat.py", line 638, in convert_column
    result = pa.array(col, type=type_, from_pandas=True, safe=safe)
             ^^^^^^^^^^^^^^^^^^^^^^^^^^^^^^^^^^^^^^^^^^^^^^^^^^^^^^
  File "pyarrow/array.pxi", line 408, in pyarrow.lib.array
  File "pyarrow/array.pxi", line 91, in pyarrow.lib._ndarray_to_array
  File "pyarrow/error.pxi", line 92, in pyarrow.lib.check_status
pyarrow.lib.ArrowInvalid: ("Could not convert '-' with type str: tried to convert to double", 'Conversion failed for column 자연스러움 with type object')
2026-07-17 00:17:59.400 Please replace `use_container_width` with `width`.

`use_container_width` will be removed after 2025-12-31.

For `use_container_width=True`, use `width='stretch'`. For `use_container_width=False`, use `width='content'`.
2026-07-17 00:18:00.995 Please replace `use_container_width` with `width`.

`use_container_width` will be removed after 2025-12-31.

For `use_container_width=True`, use `width='stretch'`. For `use_container_width=False`, use `width='content'`.
2026-07-17 00:18:03.158 Please replace `use_container_width` with `width`.

`use_container_width` will be removed after 2025-12-31.

For `use_container_width=True`, use `width='stretch'`. For `use_container_width=False`, use `width='content'`.
